ojsalesdata/https%3A/%2Fazureopendatastorage.azurefd.net/ojsales-simulatedcontainer/oj_sales_data/Store2343_minute.maid.csv
WeekStarting,Store,Brand,Quantity,Advert,Price,Revenue
1990-06-14,2343,minute.maid,11653,1,2.5,29132.5
1990-06-21,2343,minute.maid,15319,1,2.22,34008.18
1990-06-28,2343,minute.maid,12253,1,2.35,28794.55
1990-07-05,2343,minute.maid,17327,1,2.01,34827.27
1990-07-12,2343,minute.maid,9872,1,2.08,20533.760000000002
1990-07-19,2343,minute.maid,12370,1,2.26,27956.199999999997
1990-07-26,2343,minute.maid,16012,1,2.62,41951.44
1990-08-02,2343,minute.maid,13456,1,2.56,34447.36
1990-08-09,2343,minute.maid,11906,1,2.62,31193.72
1990-08-16,2343,minute.maid,14186,1,1.92,27237.12
1990-08-23,2343,minute.maid,9489,1,2.31,21919.59
1990-08-30,2343,minute.maid,15131,1,2.28,34498.68
1990-09-06,2343,minute.maid,16853,1,2.38,40110.14
1990-09-13,2343,minute.maid,11177,1,2.63,29395.51
1990-09-20,2343,minute.maid,10876,1,2.66,28930.16
1990-09-27,2343,minute.maid,17127,1,2.49,42646.23
1990-10-04,2343,minute.maid,17638,1,1.95,34394.1
1990-10-11,2343,minute.maid,16247,1,2.62,42567.14
1990-10-18,2343,minute.maid,9481,1,2.16,20478.960000000003
1990-10-25,2343,minute.maid,10194,1,2.63,26810.219999999998
1990-11-01,2343,minute.maid,12436,1,2.32,28851.519999999997
1990-11-08,2343,minute.maid,11873,1,2.69,31938.37
1990-11-15,2343,minute.maid,15727,1,2.24,35228.48
1990-11-22,2343,minute.maid,15725,1,2.36,37111.0
1990-11-29,2343,minute.maid,9309,1,2.01,18711.089999999997
1990-12-06,2343,minute.maid,10566,1,2.53,26731.98
1990-12-13,2343,minute.maid,10193,1,2.55,25992.149999999998
1990-12-20,2343,minute.maid,17807,1,2.24,39887.68
1990-12-27,2343,minute.maid,15613,1,2.69,41998.97
1991-01-03,2343,minute.maid,19559,1,1.91,37357.689999999995
1991-01-10,2343,minute.maid,11323,1,2.22,25137.06
1991-01-17,2343,minute.maid,13615,1,2.51,34173.649999999994
1991-01-24,2343,minute.maid,14778,1,2.44,36058.32
1991-01-31,2343,minute.maid,16165,1,2.09,33784.85
1991-02-07,2343,minute.maid,17673,1,2.07,36583.11
1991-02-14,2343,minute.maid,18477,1,1.93,35660.61
1991-02-21,2343,minute.maid,10424,1,2.69,28040.559999999998
1991-02-28,2343,minute.maid,13913,1,2.17,30191.21
1991-03-07,2343,minute.maid,11326,1,2.03,22991.78
1991-03-14,2343,minute.maid,17918,1,2.39,42824.020000000004
1991-03-21,2343,minute.maid,9814,1,2.36,23161.039999999997
1991-03-28,2343,minute.maid,18372,1,2.05,37662.6
1991-04-04,2343,minute.maid,11826,1,2.5,29565.0
1991-04-11,2343,minute.maid,9328,1,2.48,23133.44
1991-04-18,2343,minute.maid,19269,1,2.11,40657.59
1991-04-25,2343,minute.maid,9718,1,2.28,22157.039999999997
1991-05-02,2343,minute.maid,15744,1,2.32,36526.079999999994
1991-05-09,2343,minute.maid,9751,1,2.32,22622.32
1991-05-16,2343,minute.maid,14567,1,2.37,34523.79
1991-05-23,2343,minute.maid,17699,1,2.19,38760.81
1991-05-30,2343,minute.maid,17352,1,2.46,42685.92
1991-06-06,2343,minute.maid,16442,1,1.91,31404.219999999998
1991-06-13,2343,minute.maid,12365,1,2.45,30294.250000000004
1991-06-20,2343,minute.maid,18640,1,2.4,44736.0
1991-06-27,2343,minute.maid,15755,1,2.68,42223.4
1991-07-04,2343,minute.maid,9231,1,2.57,23723.67
1991-07-11,2343,minute.maid,10895,1,2.05,22334.749999999996
1991-07-18,2343,minute.maid,10683,1,2.28,24357.239999999998
1991-07-25,2343,minute.maid,12735,1,1.98,25215.3
1991-08-01,2343,minute.maid,18196,1,2.61,47491.56
1991-08-08,2343,minute.maid,15751,1,2.29,36069.79
1991-08-15,2343,minute.maid,10175,1,2.35,23911.25
1991-08-22,2343,minute.maid,15557,1,2.63,40914.909999999996
1991-08-29,2343,minute.maid,15514,1,2.06,31958.84
1991-09-05,2343,minute.maid,15281,1,2.27,34687.87
1991-09-12,2343,minute.maid,10757,1,1.92,20653.44
1991-09-19,2343,minute.maid,16504,1,2.19,36143.76
1991-09-26,2343,minute.maid,10370,1,2.6,26962.0
1991-10-03,2343,minute.maid,10473,1,2.46,25763.579999999998
1991-10-10,2343,minute.maid,15186,1,2.66,40394.76
1991-10-17,2343,minute.maid,12649,1,2.58,32634.420000000002
1991-10-24,2343,minute.maid,9619,1,2.57,24720.829999999998
1991-10-31,2343,minute.maid,14375,1,2.05,29468.749999999996
1991-11-07,2343,minute.maid,17812,1,2.29,40789.48
1991-11-14,2343,minute.maid,15420,1,2.61,40246.2
1991-11-21,2343,minute.maid,16091,1,2.06,33147.46
1991-11-28,2343,minute.maid,11846,1,2.38,28193.48
1991-12-05,2343,minute.maid,14842,1,2.66,39479.72
1991-12-12,2343,minute.maid,11682,1,2.37,27686.34
1991-12-19,2343,minute.maid,17318,1,2.04,35328.72
1991-12-26,2343,minute.maid,9243,1,2.49,23015.070000000003
1992-01-02,2343,minute.maid,14908,1,2.06,30710.48
1992-01-09,2343,minute.maid,11727,1,2.35,27558.45
1992-01-16,2343,minute.maid,17312,1,2.59,44838.079999999994
1992-01-23,2343,minute.maid,10425,1,2.55,26583.749999999996
1992-01-30,2343,minute.maid,11528,1,2.51,28935.28
1992-02-06,2343,minute.maid,10854,1,2.02,21925.08
1992-02-13,2343,minute.maid,16229,1,2.25,36515.25
1992-02-20,2343,minute.maid,19783,1,2.21,43720.43
1992-02-27,2343,minute.maid,9176,1,2.61,23949.36
1992-03-05,2343,minute.maid,13473,1,2.06,27754.38
1992-03-12,2343,minute.maid,19985,1,2.52,50362.2
1992-03-19,2343,minute.maid,9852,1,2.6,25615.2
1992-03-26,2343,minute.maid,15452,1,2.07,31985.639999999996
1992-04-02,2343,minute.maid,14465,1,2.53,36596.45
1992-04-09,2343,minute.maid,14933,1,1.9,28372.699999999997
1992-04-16,2343,minute.maid,19724,1,2.04,40236.96
1992-04-23,2343,minute.maid,17569,1,2.29,40233.01
1992-04-30,2343,minute.maid,13003,1,2.28,29646.839999999997
1992-05-07,2343,minute.maid,15961,1,2.07,33039.27
1992-05-14,2343,minute.maid,11797,1,2.44,28784.68
1992-05-21,2343,minute.maid,11298,1,2.41,27228.18
1992-05-28,2343,minute.maid,16554,1,2.03,33604.619999999995
1992-06-04,2343,minute.maid,11718,1,2.39,28006.02
1992-06-11,2343,minute.maid,18068,1,2.13,38484.84
1992-06-18,2343,minute.maid,18073,1,2.67,48254.909999999996
1992-06-25,2343,minute.maid,19243,1,2.17,41757.31
1992-07-02,2343,minute.maid,9057,1,2.33,21102.81
1992-07-09,2343,minute.maid,12618,1,2.42,30535.559999999998
1992-07-16,2343,minute.maid,18911,1,2.5,47277.5
1992-07-23,2343,minute.maid,19545,1,2.05,40067.25
1992-07-30,2343,minute.maid,17354,1,2.56,44426.24
1992-08-06,2343,minute.maid,12000,1,2.25,27000.0
1992-08-13,2343,minute.maid,16093,1,2.46,39588.78
1992-08-20,2343,minute.maid,15857,1,2.06,32665.420000000002
1992-08-27,2343,minute.maid,11500,1,2.38,27370.0
1992-09-03,2343,minute.maid,12948,1,2.16,27967.68
1992-09-10,2343,minute.maid,18378,1,2.0,36756.0
1992-09-17,2343,minute.maid,13609,1,2.11,28714.989999999998
1992-09-24,2343,minute.maid,10125,1,2.44,24705.0
1992-10-01,2343,minute.maid,15988,1,2.19,35013.72
